Testing Kannada RSS Feeds...

Checking Vijayakarnataka...
  [!] No entries found for Vijayakarnataka. URL might be outdated or blocked.

Checking Prajavani...
  [!] No entries found for Prajavani. URL might be outdated or blocked.

Checking Udayavani...
  [!] No entries found for Udayavani. URL might be outdated or blocked.

Checking Vijayavani...
  [!] No entries found for Vijayavani. URL might be outdated or blocked.
